[0.109s] DEBUG:colcon:Command line arguments: ['/usr/bin/colcon', 'build']
[0.109s] DEBUG:colcon:Parsed command line arguments: Namespace(log_base=None, log_level=None, verb_name='build', build_base='build', install_base='install', merge_install=False, symlink_install=False, test_result_base=None, continue_on_error=False, executor='parallel', parallel_workers=4, event_handlers=None, ignore_user_meta=False, metas=['./colcon.meta'], base_paths=['.'], packages_ignore=None, packages_ignore_regex=None, paths=None, packages_up_to=None, packages_up_to_regex=None, packages_above=None, packages_above_and_dependencies=None, packages_above_depth=None, packages_select_by_dep=None, packages_skip_by_dep=None, packages_skip_up_to=None, packages_select_build_failed=False, packages_skip_build_finished=False, packages_select_test_failures=False, packages_skip_test_passed=False, packages_select=None, packages_skip=None, packages_select_regex=None, packages_skip_regex=None, packages_start=None, packages_end=None, allow_overriding=[], cmake_args=None, cmake_target=None, cmake_target_skip_unavailable=False, cmake_clean_cache=False, cmake_clean_first=False, cmake_force_configure=False, ament_cmake_args=None, catkin_cmake_args=None, catkin_skip_building_tests=False, mixin_files=None, mixin=None, verb_parser=<colcon_mixin.mixin.mixin_argument.MixinArgumentDecorator object at 0x71dbdd183bf0>, verb_extension=<colcon_core.verb.build.BuildVerb object at 0x71dbdd2b28d0>, main=<bound method BuildVerb.main of <colcon_core.verb.build.BuildVerb object at 0x71dbdd2b28d0>>, mixin_verb=('build',))
[0.145s] Level 1:colcon.colcon_core.package_discovery:discover_packages(colcon_meta) check parameters
[0.145s] Level 1:colcon.colcon_core.package_discovery:discover_packages(recursive) check parameters
[0.145s] Level 1:colcon.colcon_core.package_discovery:discover_packages(ignore) check parameters
[0.145s] Level 1:colcon.colcon_core.package_discovery:discover_packages(path) check parameters
[0.145s] Level 1:colcon.colcon_core.package_discovery:discover_packages(colcon_meta) discover
[0.145s] Level 1:colcon.colcon_core.package_discovery:discover_packages(recursive) discover
[0.146s] INFO:colcon.colcon_core.package_discovery:Crawling recursively for packages in '/home/praktikum7/prmr_group7_ws/src/simple_motion'
[0.146s] Level 1:colcon.colcon_core.package_identification:_identify(.) by extensions ['ignore', 'ignore_ament_install']
[0.146s] Level 1:colcon.colcon_core.package_identification:_identify(.) by extension 'ignore'
[0.146s] Level 1:colcon.colcon_core.package_identification:_identify(.) by extension 'ignore_ament_install'
[0.146s] Level 1:colcon.colcon_core.package_identification:_identify(.) by extensions ['colcon_pkg']
[0.146s] Level 1:colcon.colcon_core.package_identification:_identify(.) by extension 'colcon_pkg'
[0.146s] Level 1:colcon.colcon_core.package_identification:_identify(.) by extensions ['colcon_meta']
[0.146s] Level 1:colcon.colcon_core.package_identification:_identify(.) by extension 'colcon_meta'
[0.146s] Level 1:colcon.colcon_core.package_identification:_identify(.) by extensions ['ros']
[0.146s] Level 1:colcon.colcon_core.package_identification:_identify(.) by extension 'ros'
[0.173s] DEBUG:colcon.colcon_core.package_identification:Package '.' with type 'ros.ament_cmake' and name 'simple_motion'
[0.173s] Level 1:colcon.colcon_core.package_discovery:discover_packages(recursive) using defaults
[0.173s] Level 1:colcon.colcon_core.package_discovery:discover_packages(ignore) discover
[0.173s] Level 1:colcon.colcon_core.package_discovery:discover_packages(ignore) using defaults
[0.173s] Level 1:colcon.colcon_core.package_discovery:discover_packages(path) discover
[0.173s] Level 1:colcon.colcon_core.package_discovery:discover_packages(path) using defaults
[0.189s] Level 1:colcon.colcon_core.package_discovery:discover_packages(prefix_path) check parameters
[0.189s] Level 1:colcon.colcon_core.package_discovery:discover_packages(prefix_path) discover
[0.191s] DEBUG:colcon.colcon_installed_package_information.package_discovery:Found 3 installed packages in /home/praktikum7/prmr_group7_ws/install
[0.192s] DEBUG:colcon.colcon_installed_package_information.package_discovery:Found 285 installed packages in /opt/ros/jazzy
[0.194s] Level 1:colcon.colcon_core.package_discovery:discover_packages(prefix_path) using defaults
[0.237s] Level 5:colcon.colcon_core.verb:set package 'simple_motion' build argument 'cmake_args' from command line to 'None'
[0.237s] Level 5:colcon.colcon_core.verb:set package 'simple_motion' build argument 'cmake_target' from command line to 'None'
[0.238s] Level 5:colcon.colcon_core.verb:set package 'simple_motion' build argument 'cmake_target_skip_unavailable' from command line to 'False'
[0.238s] Level 5:colcon.colcon_core.verb:set package 'simple_motion' build argument 'cmake_clean_cache' from command line to 'False'
[0.238s] Level 5:colcon.colcon_core.verb:set package 'simple_motion' build argument 'cmake_clean_first' from command line to 'False'
[0.238s] Level 5:colcon.colcon_core.verb:set package 'simple_motion' build argument 'cmake_force_configure' from command line to 'False'
[0.238s] Level 5:colcon.colcon_core.verb:set package 'simple_motion' build argument 'ament_cmake_args' from command line to 'None'
[0.238s] Level 5:colcon.colcon_core.verb:set package 'simple_motion' build argument 'catkin_cmake_args' from command line to 'None'
[0.238s] Level 5:colcon.colcon_core.verb:set package 'simple_motion' build argument 'catkin_skip_building_tests' from command line to 'False'
[0.238s] DEBUG:colcon.colcon_core.verb:Building package 'simple_motion' with the following arguments: {'ament_cmake_args': None, 'build_base': '/home/praktikum7/prmr_group7_ws/src/simple_motion/build/simple_motion', 'catkin_cmake_args': None, 'catkin_skip_building_tests': False, 'cmake_args': None, 'cmake_clean_cache': False, 'cmake_clean_first': False, 'cmake_force_configure': False, 'cmake_target': None, 'cmake_target_skip_unavailable': False, 'install_base': '/home/praktikum7/prmr_group7_ws/src/simple_motion/install/simple_motion', 'merge_install': False, 'path': '/home/praktikum7/prmr_group7_ws/src/simple_motion', 'symlink_install': False, 'test_result_base': None}
[0.238s] INFO:colcon.colcon_core.executor:Executing jobs using 'parallel' executor
[0.239s] DEBUG:colcon.colcon_parallel_executor.executor.parallel:run_until_complete
[0.239s] INFO:colcon.colcon_ros.task.ament_cmake.build:Building ROS package in '/home/praktikum7/prmr_group7_ws/src/simple_motion' with build type 'ament_cmake'
[0.239s] INFO:colcon.colcon_cmake.task.cmake.build:Building CMake package in '/home/praktikum7/prmr_group7_ws/src/simple_motion'
[0.241s] INFO:colcon.colcon_core.plugin_system:Skipping extension 'colcon_core.shell.bat': Not used on non-Windows systems
[0.241s] INFO:colcon.colcon_core.shell:Skip shell extension 'powershell' for command environment: Not usable outside of PowerShell
[0.241s] DEBUG:colcon.colcon_core.shell:Skip shell extension 'dsv' for command environment
[0.248s] DEBUG:colcon.colcon_core.event_handler.log_command:Invoking command in '/home/praktikum7/prmr_group7_ws/src/simple_motion/build/simple_motion': CMAKE_PREFIX_PATH=${CMAKE_PREFIX_PATH}:/opt/ros/jazzy DEBUGINFOD_URLS=https://debuginfod.ubuntu.com /usr/bin/cmake /home/praktikum7/prmr_group7_ws/src/simple_motion -DCMAKE_INSTALL_PREFIX=/home/praktikum7/prmr_group7_ws/src/simple_motion/install/simple_motion
[1.371s] DEBUG:colcon.colcon_core.event_handler.log_command:Invoked command in '/home/praktikum7/prmr_group7_ws/src/simple_motion/build/simple_motion' returned '0': CMAKE_PREFIX_PATH=${CMAKE_PREFIX_PATH}:/opt/ros/jazzy DEBUGINFOD_URLS=https://debuginfod.ubuntu.com /usr/bin/cmake /home/praktikum7/prmr_group7_ws/src/simple_motion -DCMAKE_INSTALL_PREFIX=/home/praktikum7/prmr_group7_ws/src/simple_motion/install/simple_motion
[1.372s] DEBUG:colcon.colcon_core.event_handler.log_command:Invoking command in '/home/praktikum7/prmr_group7_ws/src/simple_motion/build/simple_motion': CMAKE_PREFIX_PATH=${CMAKE_PREFIX_PATH}:/opt/ros/jazzy DEBUGINFOD_URLS=https://debuginfod.ubuntu.com /usr/bin/cmake --build /home/praktikum7/prmr_group7_ws/src/simple_motion/build/simple_motion -- -j4 -l4
[2.111s] DEBUG:colcon.colcon_core.event_handler.log_command:Invoked command in '/home/praktikum7/prmr_group7_ws/src/simple_motion/build/simple_motion' returned '0': CMAKE_PREFIX_PATH=${CMAKE_PREFIX_PATH}:/opt/ros/jazzy DEBUGINFOD_URLS=https://debuginfod.ubuntu.com /usr/bin/cmake --build /home/praktikum7/prmr_group7_ws/src/simple_motion/build/simple_motion -- -j4 -l4
[2.141s] DEBUG:colcon.colcon_core.event_handler.log_command:Invoking command in '/home/praktikum7/prmr_group7_ws/src/simple_motion/build/simple_motion': CMAKE_PREFIX_PATH=${CMAKE_PREFIX_PATH}:/opt/ros/jazzy DEBUGINFOD_URLS=https://debuginfod.ubuntu.com /usr/bin/cmake --install /home/praktikum7/prmr_group7_ws/src/simple_motion/build/simple_motion
[2.154s] Level 1:colcon.colcon_core.environment:create_environment_scripts_only(simple_motion)
[2.154s] DEBUG:colcon.colcon_core.event_handler.log_command:Invoked command in '/home/praktikum7/prmr_group7_ws/src/simple_motion/build/simple_motion' returned '0': CMAKE_PREFIX_PATH=${CMAKE_PREFIX_PATH}:/opt/ros/jazzy DEBUGINFOD_URLS=https://debuginfod.ubuntu.com /usr/bin/cmake --install /home/praktikum7/prmr_group7_ws/src/simple_motion/build/simple_motion
[2.156s] Level 1:colcon.colcon_core.environment:checking '/home/praktikum7/prmr_group7_ws/src/simple_motion/install/simple_motion' for CMake module files
[2.156s] Level 1:colcon.colcon_core.environment:checking '/home/praktikum7/prmr_group7_ws/src/simple_motion/install/simple_motion' for CMake config files
[2.157s] Level 1:colcon.colcon_core.shell:create_environment_hook('simple_motion', 'cmake_prefix_path')
[2.157s] INFO:colcon.colcon_core.shell:Creating environment hook '/home/praktikum7/prmr_group7_ws/src/simple_motion/install/simple_motion/share/simple_motion/hook/cmake_prefix_path.ps1'
[2.157s] INFO:colcon.colcon_core.shell:Creating environment descriptor '/home/praktikum7/prmr_group7_ws/src/simple_motion/install/simple_motion/share/simple_motion/hook/cmake_prefix_path.dsv'
[2.158s] INFO:colcon.colcon_core.shell:Creating environment hook '/home/praktikum7/prmr_group7_ws/src/simple_motion/install/simple_motion/share/simple_motion/hook/cmake_prefix_path.sh'
[2.158s] Level 1:colcon.colcon_core.environment:checking '/home/praktikum7/prmr_group7_ws/src/simple_motion/install/simple_motion/lib'
[2.159s] Level 1:colcon.colcon_core.environment:checking '/home/praktikum7/prmr_group7_ws/src/simple_motion/install/simple_motion/bin'
[2.159s] Level 1:colcon.colcon_core.environment:checking '/home/praktikum7/prmr_group7_ws/src/simple_motion/install/simple_motion/lib/pkgconfig/simple_motion.pc'
[2.159s] Level 1:colcon.colcon_core.environment:checking '/home/praktikum7/prmr_group7_ws/src/simple_motion/install/simple_motion/lib/python3.12/site-packages'
[2.159s] Level 1:colcon.colcon_core.environment:checking '/home/praktikum7/prmr_group7_ws/src/simple_motion/install/simple_motion/bin'
[2.159s] INFO:colcon.colcon_core.shell:Creating package script '/home/praktikum7/prmr_group7_ws/src/simple_motion/install/simple_motion/share/simple_motion/package.ps1'
[2.160s] INFO:colcon.colcon_core.shell:Creating package descriptor '/home/praktikum7/prmr_group7_ws/src/simple_motion/install/simple_motion/share/simple_motion/package.dsv'
[2.160s] INFO:colcon.colcon_core.shell:Creating package script '/home/praktikum7/prmr_group7_ws/src/simple_motion/install/simple_motion/share/simple_motion/package.sh'
[2.161s] INFO:colcon.colcon_core.shell:Creating package script '/home/praktikum7/prmr_group7_ws/src/simple_motion/install/simple_motion/share/simple_motion/package.bash'
[2.161s] INFO:colcon.colcon_core.shell:Creating package script '/home/praktikum7/prmr_group7_ws/src/simple_motion/install/simple_motion/share/simple_motion/package.zsh'
[2.162s] Level 1:colcon.colcon_core.environment:create_file_with_runtime_dependencies(/home/praktikum7/prmr_group7_ws/src/simple_motion/install/simple_motion/share/colcon-core/packages/simple_motion)
[2.183s] Level 1:colcon.colcon_core.environment:create_environment_scripts_only(simple_motion)
[2.183s] Level 1:colcon.colcon_core.environment:checking '/home/praktikum7/prmr_group7_ws/src/simple_motion/install/simple_motion' for CMake module files
[2.184s] Level 1:colcon.colcon_core.environment:checking '/home/praktikum7/prmr_group7_ws/src/simple_motion/install/simple_motion' for CMake config files
[2.184s] Level 1:colcon.colcon_core.shell:create_environment_hook('simple_motion', 'cmake_prefix_path')
[2.184s] INFO:colcon.colcon_core.shell:Creating environment hook '/home/praktikum7/prmr_group7_ws/src/simple_motion/install/simple_motion/share/simple_motion/hook/cmake_prefix_path.ps1'
[2.185s] INFO:colcon.colcon_core.shell:Creating environment descriptor '/home/praktikum7/prmr_group7_ws/src/simple_motion/install/simple_motion/share/simple_motion/hook/cmake_prefix_path.dsv'
[2.185s] INFO:colcon.colcon_core.shell:Creating environment hook '/home/praktikum7/prmr_group7_ws/src/simple_motion/install/simple_motion/share/simple_motion/hook/cmake_prefix_path.sh'
[2.186s] Level 1:colcon.colcon_core.environment:checking '/home/praktikum7/prmr_group7_ws/src/simple_motion/install/simple_motion/lib'
[2.186s] Level 1:colcon.colcon_core.environment:checking '/home/praktikum7/prmr_group7_ws/src/simple_motion/install/simple_motion/bin'
[2.186s] Level 1:colcon.colcon_core.environment:checking '/home/praktikum7/prmr_group7_ws/src/simple_motion/install/simple_motion/lib/pkgconfig/simple_motion.pc'
[2.186s] Level 1:colcon.colcon_core.environment:checking '/home/praktikum7/prmr_group7_ws/src/simple_motion/install/simple_motion/lib/python3.12/site-packages'
[2.186s] Level 1:colcon.colcon_core.environment:checking '/home/praktikum7/prmr_group7_ws/src/simple_motion/install/simple_motion/bin'
[2.186s] INFO:colcon.colcon_core.shell:Creating package script '/home/praktikum7/prmr_group7_ws/src/simple_motion/install/simple_motion/share/simple_motion/package.ps1'
[2.187s] INFO:colcon.colcon_core.shell:Creating package descriptor '/home/praktikum7/prmr_group7_ws/src/simple_motion/install/simple_motion/share/simple_motion/package.dsv'
[2.187s] INFO:colcon.colcon_core.shell:Creating package script '/home/praktikum7/prmr_group7_ws/src/simple_motion/install/simple_motion/share/simple_motion/package.sh'
[2.188s] INFO:colcon.colcon_core.shell:Creating package script '/home/praktikum7/prmr_group7_ws/src/simple_motion/install/simple_motion/share/simple_motion/package.bash'
[2.188s] INFO:colcon.colcon_core.shell:Creating package script '/home/praktikum7/prmr_group7_ws/src/simple_motion/install/simple_motion/share/simple_motion/package.zsh'
[2.188s] Level 1:colcon.colcon_core.environment:create_file_with_runtime_dependencies(/home/praktikum7/prmr_group7_ws/src/simple_motion/install/simple_motion/share/colcon-core/packages/simple_motion)
[2.189s] DEBUG:colcon.colcon_parallel_executor.executor.parallel:closing loop
[2.189s] DEBUG:colcon.colcon_parallel_executor.executor.parallel:loop closed
[2.189s] DEBUG:colcon.colcon_parallel_executor.executor.parallel:run_until_complete finished with '0'
[2.189s] DEBUG:colcon.colcon_core.event_reactor:joining thread
[2.194s] INFO:colcon.colcon_core.plugin_system:Skipping extension 'colcon_notification.desktop_notification.terminal_notifier': Not used on non-Darwin systems
[2.194s] INFO:colcon.colcon_core.plugin_system:Skipping extension 'colcon_notification.desktop_notification.win32': Not used on non-Windows systems
[2.194s] INFO:colcon.colcon_notification.desktop_notification:Sending desktop notification using 'notify2'
[2.209s] DEBUG:colcon.colcon_core.event_reactor:joined thread
[2.209s] INFO:colcon.colcon_core.shell:Creating prefix script '/home/praktikum7/prmr_group7_ws/src/simple_motion/install/local_setup.ps1'
[2.210s] INFO:colcon.colcon_core.shell:Creating prefix util module '/home/praktikum7/prmr_group7_ws/src/simple_motion/install/_local_setup_util_ps1.py'
[2.212s] INFO:colcon.colcon_core.shell:Creating prefix chain script '/home/praktikum7/prmr_group7_ws/src/simple_motion/install/setup.ps1'
[2.212s] INFO:colcon.colcon_core.shell:Creating prefix script '/home/praktikum7/prmr_group7_ws/src/simple_motion/install/local_setup.sh'
[2.213s] INFO:colcon.colcon_core.shell:Creating prefix util module '/home/praktikum7/prmr_group7_ws/src/simple_motion/install/_local_setup_util_sh.py'
[2.213s] INFO:colcon.colcon_core.shell:Creating prefix chain script '/home/praktikum7/prmr_group7_ws/src/simple_motion/install/setup.sh'
[2.214s] INFO:colcon.colcon_core.shell:Creating prefix script '/home/praktikum7/prmr_group7_ws/src/simple_motion/install/local_setup.bash'
[2.215s] INFO:colcon.colcon_core.shell:Creating prefix chain script '/home/praktikum7/prmr_group7_ws/src/simple_motion/install/setup.bash'
[2.215s] INFO:colcon.colcon_core.shell:Creating prefix script '/home/praktikum7/prmr_group7_ws/src/simple_motion/install/local_setup.zsh'
[2.216s] INFO:colcon.colcon_core.shell:Creating prefix chain script '/home/praktikum7/prmr_group7_ws/src/simple_motion/install/setup.zsh'
