-- The C compiler identification is GNU 13.2.0
-- The CXX compiler identification is GNU 13.2.0
-- Detecting C compiler ABI info
-- Detecting C compiler ABI info - done
-- Check for working C compiler: /usr/bin/cc - skipped
-- Detecting C compile features
-- Detecting C compile features - done
-- Detecting CXX compiler ABI info
-- Detecting CXX compiler ABI info - done
-- Check for working CXX compiler: /usr/bin/c++ - skipped
-- Detecting CXX compile features
-- Detecting CXX compile features - done
-- Found ament_cmake: 2.5.2 (/opt/ros/jazzy/share/ament_cmake/cmake)
-- Found Python3: /usr/bin/python3 (found version "3.12.3") found components: Interpreter 
-- Found rclcpp: 28.1.5 (/opt/ros/jazzy/share/rclcpp/cmake)
-- Found rosidl_generator_c: 4.6.4 (/opt/ros/jazzy/share/rosidl_generator_c/cmake)
-- Found rosidl_generator_cpp: 4.6.4 (/opt/ros/jazzy/share/rosidl_generator_cpp/cmake)
-- Using all available rosidl_typesupport_c: rosidl_typesupport_fastrtps_c;rosidl_typesupport_introspection_c
-- Using all available rosidl_typesupport_cpp: rosidl_typesupport_fastrtps_cpp;rosidl_typesupport_introspection_cpp
-- Found rmw_implementation_cmake: 7.3.1 (/opt/ros/jazzy/share/rmw_implementation_cmake/cmake)
-- Found rmw_fastrtps_cpp: 8.4.1 (/opt/ros/jazzy/share/rmw_fastrtps_cpp/cmake)
-- Found OpenSSL: /usr/lib/x86_64-linux-gnu/libcrypto.so (found version "3.0.13")  
-- Found FastRTPS: /opt/ros/jazzy/include (Required is at least version "2.13") 
-- Using RMW implementation 'rmw_fastrtps_cpp' as default
-- Found geometry_msgs: 5.3.5 (/opt/ros/jazzy/share/geometry_msgs/cmake)
-- Found ament_lint_auto: 0.17.1 (/opt/ros/jazzy/share/ament_lint_auto/cmake)
-- Added test 'cppcheck' to perform static code analysis on C / C++ code
-- Configured cppcheck include dirs: $<BUILD_INTERFACE:/home/praktikum7/prmr_group7_ws/src/simple_motion/include>
-- Configured cppcheck exclude dirs and/or files: 
-- Added test 'flake8' to check Python code syntax and style conventions
-- Configured 'flake8' exclude dirs and/or files: 
-- Added test 'lint_cmake' to check CMake code style
-- Added test 'pep257' to check Python code against some of the docstring style conventions in PEP 257
-- Added test 'uncrustify' to check C / C++ code style
-- Configured uncrustify additional arguments: 
-- Added test 'xmllint' to check XML markup files
-- Configuring done (1.1s)
-- Generating done (0.0s)
-- Build files have been written to: /home/praktikum7/prmr_group7_ws/src/simple_motion/build/simple_motion
[ 50%] [32mBuilding CXX object CMakeFiles/simple_time.dir/src/simple_time.cpp.o[0m
[100%] [32m[1mLinking CXX executable simple_time[0m
[100%] Built target simple_time
-- Install configuration: ""
-- Installing: /home/praktikum7/prmr_group7_ws/src/simple_motion/install/simple_motion/lib/simple_motion/simple_time
-- Set non-toolchain portion of runtime path of "/home/praktikum7/prmr_group7_ws/src/simple_motion/install/simple_motion/lib/simple_motion/simple_time" to ""
-- Installing: /home/praktikum7/prmr_group7_ws/src/simple_motion/install/simple_motion/share/ament_index/resource_index/package_run_dependencies/simple_motion
-- Installing: /home/praktikum7/prmr_group7_ws/src/simple_motion/install/simple_motion/share/ament_index/resource_index/parent_prefix_path/simple_motion
-- Installing: /home/praktikum7/prmr_group7_ws/src/simple_motion/install/simple_motion/share/simple_motion/environment/ament_prefix_path.sh
-- Installing: /home/praktikum7/prmr_group7_ws/src/simple_motion/install/simple_motion/share/simple_motion/environment/ament_prefix_path.dsv
-- Installing: /home/praktikum7/prmr_group7_ws/src/simple_motion/install/simple_motion/share/simple_motion/environment/path.sh
-- Installing: /home/praktikum7/prmr_group7_ws/src/simple_motion/install/simple_motion/share/simple_motion/environment/path.dsv
-- Installing: /home/praktikum7/prmr_group7_ws/src/simple_motion/install/simple_motion/share/simple_motion/local_setup.bash
-- Installing: /home/praktikum7/prmr_group7_ws/src/simple_motion/install/simple_motion/share/simple_motion/local_setup.sh
-- Installing: /home/praktikum7/prmr_group7_ws/src/simple_motion/install/simple_motion/share/simple_motion/local_setup.zsh
-- Installing: /home/praktikum7/prmr_group7_ws/src/simple_motion/install/simple_motion/share/simple_motion/local_setup.dsv
-- Installing: /home/praktikum7/prmr_group7_ws/src/simple_motion/install/simple_motion/share/simple_motion/package.dsv
-- Installing: /home/praktikum7/prmr_group7_ws/src/simple_motion/install/simple_motion/share/ament_index/resource_index/packages/simple_motion
-- Installing: /home/praktikum7/prmr_group7_ws/src/simple_motion/install/simple_motion/share/simple_motion/cmake/simple_motionConfig.cmake
-- Installing: /home/praktikum7/prmr_group7_ws/src/simple_motion/install/simple_motion/share/simple_motion/cmake/simple_motionConfig-version.cmake
-- Installing: /home/praktikum7/prmr_group7_ws/src/simple_motion/install/simple_motion/share/simple_motion/package.xml
